// Jest Snapshot v1, https://goo.gl/fbAQLP

exports[`<OffersFavorite /> should call onClick  1`] = `
<div
  class="cities__places-list tabs__content places__list"
>
  <article
    class="cities__place-card place-card"
  >
    <div
      class="place-card__mark"
    >
      <span>
        Premium
      </span>
    </div>
    <div
      class="cities__image-wrapper place-card__image-wrapper"
    >
      <a
        href="#"
      >
        <img
          alt="Place image"
          class="place-card__image"
          height="200"
          src="https://htmlacademy-react-3.appspot.com/six-cities/static/hotel/15.jpg"
          width="260"
        />
      </a>
    </div>
    <div
      class=" place-card__info"
    >
      <div
        class="place-card__price-wrapper"
      >
        <div
          class="place-card__price"
        >
          <b
            class="place-card__price-value"
          >
            €
            868
          </b>
          <span
            class="place-card__price-text"
          >
            / night
          </span>
        </div>
        <button
          class="place-card__bookmark-button place-card__bookmark-button--active button"
          type="button"
        >
          <svg
            class="place-card__bookmark-icon"
            height="19"
            width="18"
          >
            <use
              xlink:href="#icon-bookmark"
            />
          </svg>
          <span
            class="visually-hidden"
          >
            From bookmarks
          </span>
        </button>
      </div>
      <div
        class="place-card__rating rating"
      >
        <div
          class="place-card__stars rating__stars"
        >
          <span
            style="width: 80%;"
          />
          <span
            class="visually-hidden"
          >
            Rating
          </span>
        </div>
      </div>
      <h2
        class="place-card__name"
      >
        <a
          href="/offer/1"
        >
          Nice, cozy, warm big bed apartment
        </a>
      </h2>
      <p
        class="place-card__type"
      >
        house
      </p>
    </div>
  </article>
  <article
    class="cities__place-card place-card"
  >
    <div
      class="cities__image-wrapper place-card__image-wrapper"
    >
      <a
        href="#"
      >
        <img
          alt="Place image"
          class="place-card__image"
          height="200"
          src="https://htmlacademy-react-3.appspot.com/six-cities/static/hotel/13.jpg"
          width="260"
        />
      </a>
    </div>
    <div
      class=" place-card__info"
    >
      <div
        class="place-card__price-wrapper"
      >
        <div
          class="place-card__price"
        >
          <b
            class="place-card__price-value"
          >
            €
            270
          </b>
          <span
            class="place-card__price-text"
          >
            / night
          </span>
        </div>
        <button
          class="place-card__bookmark-button place-card__bookmark-button--active button"
          type="button"
        >
          <svg
            class="place-card__bookmark-icon"
            height="19"
            width="18"
          >
            <use
              xlink:href="#icon-bookmark"
            />
          </svg>
          <span
            class="visually-hidden"
          >
            From bookmarks
          </span>
        </button>
      </div>
      <div
        class="place-card__rating rating"
      >
        <div
          class="place-card__stars rating__stars"
        >
          <span
            style="width: 100%;"
          />
          <span
            class="visually-hidden"
          >
            Rating
          </span>
        </div>
      </div>
      <h2
        class="place-card__name"
      >
        <a
          href="/offer/2"
        >
          The Pondhouse - A Magical Place
        </a>
      </h2>
      <p
        class="place-card__type"
      >
        room
      </p>
    </div>
  </article>
</div>
`;
