// Jest Snapshot v1, https://goo.gl/fbAQLP

exports[`1 1`] = `
<div
  class="page page--gray page--main"
>
  <header
    class="header"
  >
    <div
      class="container"
    >
      <div
        class="header__wrapper"
      >
        <div
          class="header__left"
        >
          <a
            class="header__logo-link header__logo-link--active"
          >
            <img
              alt="6 cities logo"
              class="header__logo"
              height="41"
              src="/img/logo.svg"
              width="81"
            />
          </a>
        </div>
        <nav
          class="header__nav"
        >
          <ul
            class="header__nav-list"
          >
            <li
              class="header__nav-item user"
            >
              <a
                class="header__nav-link header__nav-link--profile"
                href="/login"
              >
                <div
                  class="header__avatar-wrapper  user__avatar-wrapper"
                />
                <span
                  class="header__login"
                >
                  Sign in
                </span>
              </a>
            </li>
          </ul>
        </nav>
      </div>
    </div>
  </header>
  <main
    class="page__main page__main--index "
  >
    <h1
      class="visually-hidden"
    >
      Cities
    </h1>
    <div
      class="tabs"
    >
      <section
        class="locations container"
      >
        <ul
          class="locations__list tabs__list"
        >
          <li
            class="locations__item"
          >
            <a
              class="locations__item-link tabs__item tabs__item--active"
              href="#"
            >
              <span
                data-index="0"
              >
                Dusseldorf
              </span>
            </a>
          </li>
          <li
            class="locations__item"
          >
            <a
              class="locations__item-link tabs__item "
              href="#"
            >
              <span
                data-index="1"
              >
                Brussels
              </span>
            </a>
          </li>
        </ul>
      </section>
    </div>
    <div
      class="cities"
    >
      <div
        class="cities__places-container container"
      >
        <section
          class="cities__places places"
        >
          <h2
            class="visually-hidden"
          >
            Places
          </h2>
          <b
            class="places__found"
          >
            1
             places to stay in 
            Dusseldorf
          </b>
          <form
            action="#"
            class="places__sorting"
            method="get"
          >
            <span
              class="places__sorting-caption"
            >
              Sort by
            </span>
            <span
              class="places__sorting-type"
              tabindex="0"
            >
              Popular
              <svg
                class="places__sorting-arrow"
                height="4"
                width="7"
              >
                <use
                  xlink:href="#icon-arrow-select"
                />
              </svg>
            </span>
            <ul
              class="places__options places__options--custom "
            >
              <li
                class="places__option places__option--active"
                tabindex="0"
              >
                Popular
              </li>
              <li
                class="places__option "
                tabindex="0"
              >
                Price: low to high
              </li>
              <li
                class="places__option "
                tabindex="0"
              >
                Price: high to low
              </li>
              <li
                class="places__option "
                tabindex="0"
              >
                Top rated first
              </li>
            </ul>
          </form>
          <div
            class="cities__places-list tabs__content places__list"
          >
            <article
              class="cities__place-card place-card"
            >
              <div
                class="place-card__mark"
              >
                <span>
                  Premium
                </span>
              </div>
              <div
                class="cities__image-wrapper place-card__image-wrapper"
              >
                <a
                  href="#"
                >
                  <img
                    alt="Place image"
                    class="place-card__image"
                    height="200"
                    src="https://htmlacademy-react-3.appspot.com/six-cities/static/hotel/15.jpg"
                    width="260"
                  />
                </a>
              </div>
              <div
                class=" place-card__info"
              >
                <div
                  class="place-card__price-wrapper"
                >
                  <div
                    class="place-card__price"
                  >
                    <b
                      class="place-card__price-value"
                    >
                      €
                      868
                    </b>
                    <span
                      class="place-card__price-text"
                    >
                      / night
                    </span>
                  </div>
                  <a
                    class="place-card__bookmark-button button"
                    href="/login"
                  >
                    <svg
                      class="place-card__bookmark-icon"
                      height="19"
                      width="18"
                    >
                      <use
                        xlink:href="#icon-bookmark"
                      />
                    </svg>
                    <span
                      class="visually-hidden"
                    >
                      To bookmarks
                    </span>
                  </a>
                </div>
                <div
                  class="place-card__rating rating"
                >
                  <div
                    class="place-card__stars rating__stars"
                  >
                    <span
                      style="width: 80%;"
                    />
                    <span
                      class="visually-hidden"
                    >
                      Rating
                    </span>
                  </div>
                </div>
                <h2
                  class="place-card__name"
                >
                  <a
                    href="/offer/1"
                  >
                    Nice, cozy, warm big bed apartment
                  </a>
                </h2>
                <p
                  class="place-card__type"
                >
                  house
                </p>
              </div>
            </article>
          </div>
        </section>
        <div
          class="cities__right-section"
        >
          <section
            class="cities__map map"
          >
            <div
              class="leaflet-container leaflet-grab leaflet-touch-drag"
              id="map"
              style="width: 100%; height: 100%; position: relative;"
              tabindex="0"
            >
              <div
                class="leaflet-pane leaflet-map-pane"
                style="left: 0px; top: 0px;"
              >
                <div
                  class="leaflet-pane leaflet-tile-pane"
                >
                  <div
                    class="leaflet-layer "
                    style="z-index: 1;"
                  >
                    <div
                      class="leaflet-tile-container leaflet-zoom-animated"
                      style="z-index: 18; left: 0px; top: 0px;"
                    >
                      <img
                        alt=""
                        class="leaflet-tile"
                        role="presentation"
                        src="https://a.basemaps.cartocdn.com/rastertiles/voyager_labels_under/13/4250/2734{@2x}.png"
                        style="width: 256px; height: 256px; left: -51px; top: -84px;"
                      />
                    </div>
                  </div>
                </div>
                <div
                  class="leaflet-pane leaflet-shadow-pane"
                />
                <div
                  class="leaflet-pane leaflet-overlay-pane"
                />
                <div
                  class="leaflet-pane leaflet-marker-pane"
                >
                  <img
                    alt=""
                    class="leaflet-marker-icon leaflet-zoom-hide leaflet-interactive"
                    src="img/pin.svg"
                    style="margin-left: -13.5px; margin-top: -19.5px; width: 27px; height: 39px; left: 122px; top: -112px; z-index: -112;"
                    tabindex="0"
                  />
                </div>
                <div
                  class="leaflet-pane leaflet-tooltip-pane"
                />
                <div
                  class="leaflet-pane leaflet-popup-pane"
                />
              </div>
              <div
                class="leaflet-control-container"
              >
                <div
                  class="leaflet-top leaflet-left"
                />
                <div
                  class="leaflet-top leaflet-right"
                />
                <div
                  class="leaflet-bottom leaflet-left"
                />
                <div
                  class="leaflet-bottom leaflet-right"
                >
                  <div
                    class="leaflet-control-attribution leaflet-control"
                  >
                    <a
                      href="https://leafletjs.com"
                      title="A JS library for interactive maps"
                    >
                      Leaflet
                    </a>
                  </div>
                </div>
              </div>
            </div>
          </section>
        </div>
      </div>
    </div>
  </main>
</div>
`;
