// Jest Snapshot v1, https://goo.gl/fbAQLP

exports[`should render "Loading..." when "loading" === 1 1`] = `
<h1>
  Loading...
</h1>
`;

exports[`should render Component when loading === 0 1`] = `
<div>
  Mock
</div>
`;
